Analysis & Synthesis report for top
Mon Feb 18 17:17:46 2019
Quartus Prime Version 18.0.0 Build 614 04/24/2018 SJ Lite Edition


---------------------
; Table of Contents ;
---------------------
  1. Legal Notice
  2. Analysis & Synthesis Summary
  3. Analysis & Synthesis Settings
  4. Parallel Compilation
  5. Analysis & Synthesis Source Files Read
  6. Analysis & Synthesis Resource Usage Summary
  7. Analysis & Synthesis Resource Utilization by Entity
  8. Registers Removed During Synthesis
  9. Removed Registers Triggering Further Register Optimizations
 10. General Register Statistics
 11. Inverted Register Statistics
 12. Multiplexer Restructuring Statistics (Restructuring Performed)
 13. Port Connectivity Checks: "clock_div_2ton:Tick0|dflipflop:D37"
 14. Port Connectivity Checks: "clock_div_2ton:Tick0|dflipflop:D36"
 15. Port Connectivity Checks: "clock_div_2ton:Tick0|dflipflop:D35"
 16. Port Connectivity Checks: "clock_div_2ton:Tick0|dflipflop:D34"
 17. Port Connectivity Checks: "clock_div_2ton:Tick0|dflipflop:D33"
 18. Port Connectivity Checks: "clock_div_2ton:Tick0|dflipflop:D32"
 19. Port Connectivity Checks: "clock_div_2ton:Tick0|dflipflop:D31"
 20. Port Connectivity Checks: "clock_div_2ton:Tick0|dflipflop:D30"
 21. Port Connectivity Checks: "clock_div_2ton:Tick0|dflipflop:D29"
 22. Port Connectivity Checks: "clock_div_2ton:Tick0|dflipflop:D28"
 23. Port Connectivity Checks: "clock_div_2ton:Tick0|dflipflop:D27"
 24. Port Connectivity Checks: "clock_div_2ton:Tick0|dflipflop:D26"
 25. Port Connectivity Checks: "clock_div_2ton:Tick0|dflipflop:D25"
 26. Port Connectivity Checks: "clock_div_2ton:Tick0|dflipflop:D24"
 27. Port Connectivity Checks: "clock_div_2ton:Tick0|dflipflop:D23"
 28. Port Connectivity Checks: "clock_div_2ton:Tick0|dflipflop:D22"
 29. Port Connectivity Checks: "clock_div_2ton:Tick0|dflipflop:D21"
 30. Port Connectivity Checks: "clock_div_2ton:Tick0|dflipflop:D20"
 31. Port Connectivity Checks: "clock_div_2ton:Tick0|dflipflop:D19"
 32. Port Connectivity Checks: "clock_div_2ton:Tick0|dflipflop:D18"
 33. Port Connectivity Checks: "clock_div_2ton:Tick0|dflipflop:D17"
 34. Port Connectivity Checks: "clock_div_2ton:Tick0|dflipflop:D16"
 35. Port Connectivity Checks: "clock_div_2ton:Tick0|dflipflop:D15"
 36. Port Connectivity Checks: "clock_div_2ton:Tick0|dflipflop:D14"
 37. Port Connectivity Checks: "clock_div_2ton:Tick0|dflipflop:D13"
 38. Port Connectivity Checks: "clock_div_2ton:Tick0|dflipflop:D12"
 39. Port Connectivity Checks: "clock_div_2ton:Tick0|dflipflop:D11"
 40. Port Connectivity Checks: "clock_div_2ton:Tick0|dflipflop:D10"
 41. Port Connectivity Checks: "clock_div_2ton:Tick0|dflipflop:D9"
 42. Port Connectivity Checks: "clock_div_2ton:Tick0|dflipflop:D8"
 43. Port Connectivity Checks: "clock_div_2ton:Tick0|dflipflop:D7"
 44. Port Connectivity Checks: "clock_div_2ton:Tick0|dflipflop:D6"
 45. Port Connectivity Checks: "clock_div_2ton:Tick0|dflipflop:D5"
 46. Port Connectivity Checks: "clock_div_2ton:Tick0|dflipflop:D4"
 47. Port Connectivity Checks: "clock_div_2ton:Tick0|dflipflop:D3"
 48. Port Connectivity Checks: "clock_div_2ton:Tick0|dflipflop:D2"
 49. Port Connectivity Checks: "clock_div_2ton:Tick0|dflipflop:D1"
 50. Port Connectivity Checks: "clock_div_2ton:Tick0|dflipflop:D0"
 51. Post-Synthesis Netlist Statistics for Top Partition
 52. Elapsed Time Per Partition
 53. Analysis & Synthesis Messages



----------------
; Legal Notice ;
----------------
Copyright (C) 2018  Intel Corporation. All rights reserved.
Your use of Intel Corporation's design tools, logic functions 
and other software and tools, and its AMPP partner logic 
functions, and any output files from any of the foregoing 
(including device programming or simulation files), and any 
associated documentation or information are expressly subject 
to the terms and conditions of the Intel Program License 
Subscription Agreement, the Intel Quartus Prime License Agreement,
the Intel FPGA IP License Agreement, or other applicable license
agreement, including, without limitation, that your use is for
the sole purpose of programming logic devices manufactured by
Intel and sold by Intel or its authorized distributors.  Please
refer to the applicable agreement for further details.



+-------------------------------------------------------------------------------+
; Analysis & Synthesis Summary                                                  ;
+---------------------------------+---------------------------------------------+
; Analysis & Synthesis Status     ; Successful - Mon Feb 18 17:17:46 2019       ;
; Quartus Prime Version           ; 18.0.0 Build 614 04/24/2018 SJ Lite Edition ;
; Revision Name                   ; top                                         ;
; Top-level Entity Name           ; top                                         ;
; Family                          ; Cyclone V                                   ;
; Logic utilization (in ALMs)     ; N/A                                         ;
; Total registers                 ; 49                                          ;
; Total pins                      ; 64                                          ;
; Total virtual pins              ; 0                                           ;
; Total block memory bits         ; 0                                           ;
; Total DSP Blocks                ; 0                                           ;
; Total HSSI RX PCSs              ; 0                                           ;
; Total HSSI PMA RX Deserializers ; 0                                           ;
; Total HSSI TX PCSs              ; 0                                           ;
; Total HSSI PMA TX Serializers   ; 0                                           ;
; Total PLLs                      ; 0                                           ;
; Total DLLs                      ; 0                                           ;
+---------------------------------+---------------------------------------------+


+---------------------------------------------------------------------------------------------------------------------------+
; Analysis & Synthesis Settings                                                                                             ;
+---------------------------------------------------------------------------------+--------------------+--------------------+
; Option                                                                          ; Setting            ; Default Value      ;
+---------------------------------------------------------------------------------+--------------------+--------------------+
; Device                                                                          ; 5CEBA4F23C7        ;                    ;
; Top-level entity name                                                           ; top                ; top                ;
; Family name                                                                     ; Cyclone V          ; Cyclone V          ;
; Use smart compilation                                                           ; Off                ; Off                ;
; Enable parallel Assembler and Timing Analyzer during compilation                ; On                 ; On                 ;
; Enable compact report table                                                     ; Off                ; Off                ;
; Restructure Multiplexers                                                        ; Auto               ; Auto               ;
; MLAB Add Timing Constraints For Mixed-Port Feed-Through Mode Setting Don't Care ; Off                ; Off                ;
; Create Debugging Nodes for IP Cores                                             ; Off                ; Off                ;
; Preserve fewer node names                                                       ; On                 ; On                 ;
; Intel FPGA IP Evaluation Mode                                                   ; Enable             ; Enable             ;
; Verilog Version                                                                 ; Verilog_2001       ; Verilog_2001       ;
; VHDL Version                                                                    ; VHDL_1993          ; VHDL_1993          ;
; State Machine Processing                                                        ; Auto               ; Auto               ;
; Safe State Machine                                                              ; Off                ; Off                ;
; Extract Verilog State Machines                                                  ; On                 ; On                 ;
; Extract VHDL State Machines                                                     ; On                 ; On                 ;
; Ignore Verilog initial constructs                                               ; Off                ; Off                ;
; Iteration limit for constant Verilog loops                                      ; 5000               ; 5000               ;
; Iteration limit for non-constant Verilog loops                                  ; 250                ; 250                ;
; Add Pass-Through Logic to Inferred RAMs                                         ; On                 ; On                 ;
; Infer RAMs from Raw Logic                                                       ; On                 ; On                 ;
; Parallel Synthesis                                                              ; On                 ; On                 ;
; DSP Block Balancing                                                             ; Auto               ; Auto               ;
; NOT Gate Push-Back                                                              ; On                 ; On                 ;
; Power-Up Don't Care                                                             ; On                 ; On                 ;
; Remove Redundant Logic Cells                                                    ; Off                ; Off                ;
; Remove Duplicate Registers                                                      ; On                 ; On                 ;
; Ignore CARRY Buffers                                                            ; Off                ; Off                ;
; Ignore CASCADE Buffers                                                          ; Off                ; Off                ;
; Ignore GLOBAL Buffers                                                           ; Off                ; Off                ;
; Ignore ROW GLOBAL Buffers                                                       ; Off                ; Off                ;
; Ignore LCELL Buffers                                                            ; Off                ; Off                ;
; Ignore SOFT Buffers                                                             ; On                 ; On                 ;
; Limit AHDL Integers to 32 Bits                                                  ; Off                ; Off                ;
; Optimization Technique                                                          ; Balanced           ; Balanced           ;
; Carry Chain Length                                                              ; 70                 ; 70                 ;
; Auto Carry Chains                                                               ; On                 ; On                 ;
; Auto Open-Drain Pins                                                            ; On                 ; On                 ;
; Perform WYSIWYG Primitive Resynthesis                                           ; Off                ; Off                ;
; Auto ROM Replacement                                                            ; On                 ; On                 ;
; Auto RAM Replacement                                                            ; On                 ; On                 ;
; Auto DSP Block Replacement                                                      ; On                 ; On                 ;
; Auto Shift Register Replacement                                                 ; Auto               ; Auto               ;
; Allow Shift Register Merging across Hierarchies                                 ; Auto               ; Auto               ;
; Auto Clock Enable Replacement                                                   ; On                 ; On                 ;
; Strict RAM Replacement                                                          ; Off                ; Off                ;
; Allow Synchronous Control Signals                                               ; On                 ; On                 ;
; Force Use of Synchronous Clear Signals                                          ; Off                ; Off                ;
; Auto Resource Sharing                                                           ; Off                ; Off                ;
; Allow Any RAM Size For Recognition                                              ; Off                ; Off                ;
; Allow Any ROM Size For Recognition                                              ; Off                ; Off                ;
; Allow Any Shift Register Size For Recognition                                   ; Off                ; Off                ;
; Use LogicLock Constraints during Resource Balancing                             ; On                 ; On                 ;
; Ignore translate_off and synthesis_off directives                               ; Off                ; Off                ;
; Timing-Driven Synthesis                                                         ; On                 ; On                 ;
; Report Parameter Settings                                                       ; On                 ; On                 ;
; Report Source Assignments                                                       ; On                 ; On                 ;
; Report Connectivity Checks                                                      ; On                 ; On                 ;
; Ignore Maximum Fan-Out Assignments                                              ; Off                ; Off                ;
; Synchronization Register Chain Length                                           ; 3                  ; 3                  ;
; Power Optimization During Synthesis                                             ; Normal compilation ; Normal compilation ;
; HDL message level                                                               ; Level2             ; Level2             ;
; Suppress Register Optimization Related Messages                                 ; Off                ; Off                ;
; Number of Removed Registers Reported in Synthesis Report                        ; 5000               ; 5000               ;
; Number of Swept Nodes Reported in Synthesis Report                              ; 5000               ; 5000               ;
; Number of Inverted Registers Reported in Synthesis Report                       ; 100                ; 100                ;
; Clock MUX Protection                                                            ; On                 ; On                 ;
; Auto Gated Clock Conversion                                                     ; Off                ; Off                ;
; Block Design Naming                                                             ; Auto               ; Auto               ;
; SDC constraint protection                                                       ; Off                ; Off                ;
; Synthesis Effort                                                                ; Auto               ; Auto               ;
; Shift Register Replacement - Allow Asynchronous Clear Signal                    ; On                 ; On                 ;
; Pre-Mapping Resynthesis Optimization                                            ; Off                ; Off                ;
; Analysis & Synthesis Message Level                                              ; Medium             ; Medium             ;
; Disable Register Merging Across Hierarchies                                     ; Auto               ; Auto               ;
; Resource Aware Inference For Block RAM                                          ; On                 ; On                 ;
; Automatic Parallel Synthesis                                                    ; On                 ; On                 ;
; Partial Reconfiguration Bitstream ID                                            ; Off                ; Off                ;
+---------------------------------------------------------------------------------+--------------------+--------------------+


+------------------------------------------+
; Parallel Compilation                     ;
+----------------------------+-------------+
; Processors                 ; Number      ;
+----------------------------+-------------+
; Number detected on machine ; 8           ;
; Maximum allowed            ; 4           ;
;                            ;             ;
; Average used               ; 1.00        ;
; Maximum used               ; 4           ;
;                            ;             ;
; Usage by Processor         ; % Time Used ;
;     Processor 1            ; 100.0%      ;
;     Processor 2            ;   0.0%      ;
;     Processors 3-4         ;   0.0%      ;
+----------------------------+-------------+


+---------------------------------------------------------------------------------------------------------------------------------------------+
; Analysis & Synthesis Source Files Read                                                                                                      ;
+----------------------------------+-----------------+-----------------+------------------------------------------------------------+---------+
; File Name with User-Entered Path ; Used in Netlist ; File Type       ; File Name with Absolute Path                               ; Library ;
+----------------------------------+-----------------+-----------------+------------------------------------------------------------+---------+
; top.vhd                          ; yes             ; User VHDL File  ; C:/Users/Louis/Desktop/EELE 367/Lab 9-3/top.vhd            ;         ;
; char_decoder.vhd                 ; yes             ; User VHDL File  ; C:/Users/Louis/Desktop/EELE 367/Lab 9-3/char_decoder.vhd   ;         ;
; dflipflop.vhd                    ; yes             ; User VHDL File  ; C:/Users/Louis/Desktop/EELE 367/Lab 9-3/dflipflop.vhd      ;         ;
; clock_div_2ton.vhd               ; yes             ; User VHDL File  ; C:/Users/Louis/Desktop/EELE 367/Lab 9-3/clock_div_2ton.vhd ;         ;
+----------------------------------+-----------------+-----------------+------------------------------------------------------------+---------+


+------------------------------------------------------------+
; Analysis & Synthesis Resource Usage Summary                ;
+---------------------------------------------+--------------+
; Resource                                    ; Usage        ;
+---------------------------------------------+--------------+
; Estimate of Logic utilization (ALMs needed) ; 53           ;
;                                             ;              ;
; Combinational ALUT usage for logic          ; 102          ;
;     -- 7 input functions                    ; 0            ;
;     -- 6 input functions                    ; 4            ;
;     -- 5 input functions                    ; 0            ;
;     -- 4 input functions                    ; 43           ;
;     -- <=3 input functions                  ; 55           ;
;                                             ;              ;
; Dedicated logic registers                   ; 49           ;
;                                             ;              ;
; I/O pins                                    ; 64           ;
;                                             ;              ;
; Total DSP Blocks                            ; 0            ;
;                                             ;              ;
; Maximum fan-out node                        ; Reset1~input ;
; Maximum fan-out                             ; 49           ;
; Total fan-out                               ; 577          ;
; Average fan-out                             ; 2.07         ;
+---------------------------------------------+--------------+


+---------------------------------------------------------------------------------------------------------------------------------------------------------------------------------------------------------------+
; Analysis & Synthesis Resource Utilization by Entity                                                                                                                                                           ;
+----------------------------+---------------------+---------------------------+-------------------+------------+------+--------------+-----------------------------------------+----------------+--------------+
; Compilation Hierarchy Node ; Combinational ALUTs ; Dedicated Logic Registers ; Block Memory Bits ; DSP Blocks ; Pins ; Virtual Pins ; Full Hierarchy Name                     ; Entity Name    ; Library Name ;
+----------------------------+---------------------+---------------------------+-------------------+------------+------+--------------+-----------------------------------------+----------------+--------------+
; |top                       ; 102 (29)            ; 49 (24)                   ; 0                 ; 0          ; 64   ; 0            ; |top                                    ; top            ; work         ;
;    |char_decoder:C0|       ; 7 (7)               ; 0 (0)                     ; 0                 ; 0          ; 0    ; 0            ; |top|char_decoder:C0                    ; char_decoder   ; work         ;
;    |char_decoder:C1|       ; 7 (7)               ; 0 (0)                     ; 0                 ; 0          ; 0    ; 0            ; |top|char_decoder:C1                    ; char_decoder   ; work         ;
;    |char_decoder:C2|       ; 7 (7)               ; 0 (0)                     ; 0                 ; 0          ; 0    ; 0            ; |top|char_decoder:C2                    ; char_decoder   ; work         ;
;    |char_decoder:C3|       ; 7 (7)               ; 0 (0)                     ; 0                 ; 0          ; 0    ; 0            ; |top|char_decoder:C3                    ; char_decoder   ; work         ;
;    |char_decoder:C4|       ; 7 (7)               ; 0 (0)                     ; 0                 ; 0          ; 0    ; 0            ; |top|char_decoder:C4                    ; char_decoder   ; work         ;
;    |char_decoder:C5|       ; 7 (7)               ; 0 (0)                     ; 0                 ; 0          ; 0    ; 0            ; |top|char_decoder:C5                    ; char_decoder   ; work         ;
;    |clock_div_2ton:Tick0|  ; 31 (6)              ; 25 (0)                    ; 0                 ; 0          ; 0    ; 0            ; |top|clock_div_2ton:Tick0               ; clock_div_2ton ; work         ;
;       |dflipflop:D0|       ; 1 (1)               ; 1 (1)                     ; 0                 ; 0          ; 0    ; 0            ; |top|clock_div_2ton:Tick0|dflipflop:D0  ; dflipflop      ; work         ;
;       |dflipflop:D10|      ; 1 (1)               ; 1 (1)                     ; 0                 ; 0          ; 0    ; 0            ; |top|clock_div_2ton:Tick0|dflipflop:D10 ; dflipflop      ; work         ;
;       |dflipflop:D11|      ; 1 (1)               ; 1 (1)                     ; 0                 ; 0          ; 0    ; 0            ; |top|clock_div_2ton:Tick0|dflipflop:D11 ; dflipflop      ; work         ;
;       |dflipflop:D12|      ; 1 (1)               ; 1 (1)                     ; 0                 ; 0          ; 0    ; 0            ; |top|clock_div_2ton:Tick0|dflipflop:D12 ; dflipflop      ; work         ;
;       |dflipflop:D13|      ; 1 (1)               ; 1 (1)                     ; 0                 ; 0          ; 0    ; 0            ; |top|clock_div_2ton:Tick0|dflipflop:D13 ; dflipflop      ; work         ;
;       |dflipflop:D14|      ; 1 (1)               ; 1 (1)                     ; 0                 ; 0          ; 0    ; 0            ; |top|clock_div_2ton:Tick0|dflipflop:D14 ; dflipflop      ; work         ;
;       |dflipflop:D15|      ; 1 (1)               ; 1 (1)                     ; 0                 ; 0          ; 0    ; 0            ; |top|clock_div_2ton:Tick0|dflipflop:D15 ; dflipflop      ; work         ;
;       |dflipflop:D16|      ; 1 (1)               ; 1 (1)                     ; 0                 ; 0          ; 0    ; 0            ; |top|clock_div_2ton:Tick0|dflipflop:D16 ; dflipflop      ; work         ;
;       |dflipflop:D17|      ; 1 (1)               ; 1 (1)                     ; 0                 ; 0          ; 0    ; 0            ; |top|clock_div_2ton:Tick0|dflipflop:D17 ; dflipflop      ; work         ;
;       |dflipflop:D18|      ; 1 (1)               ; 1 (1)                     ; 0                 ; 0          ; 0    ; 0            ; |top|clock_div_2ton:Tick0|dflipflop:D18 ; dflipflop      ; work         ;
;       |dflipflop:D19|      ; 1 (1)               ; 1 (1)                     ; 0                 ; 0          ; 0    ; 0            ; |top|clock_div_2ton:Tick0|dflipflop:D19 ; dflipflop      ; work         ;
;       |dflipflop:D1|       ; 1 (1)               ; 1 (1)                     ; 0                 ; 0          ; 0    ; 0            ; |top|clock_div_2ton:Tick0|dflipflop:D1  ; dflipflop      ; work         ;
;       |dflipflop:D20|      ; 1 (1)               ; 1 (1)                     ; 0                 ; 0          ; 0    ; 0            ; |top|clock_div_2ton:Tick0|dflipflop:D20 ; dflipflop      ; work         ;
;       |dflipflop:D21|      ; 1 (1)               ; 1 (1)                     ; 0                 ; 0          ; 0    ; 0            ; |top|clock_div_2ton:Tick0|dflipflop:D21 ; dflipflop      ; work         ;
;       |dflipflop:D22|      ; 1 (1)               ; 1 (1)                     ; 0                 ; 0          ; 0    ; 0            ; |top|clock_div_2ton:Tick0|dflipflop:D22 ; dflipflop      ; work         ;
;       |dflipflop:D23|      ; 1 (1)               ; 1 (1)                     ; 0                 ; 0          ; 0    ; 0            ; |top|clock_div_2ton:Tick0|dflipflop:D23 ; dflipflop      ; work         ;
;       |dflipflop:D24|      ; 1 (1)               ; 1 (1)                     ; 0                 ; 0          ; 0    ; 0            ; |top|clock_div_2ton:Tick0|dflipflop:D24 ; dflipflop      ; work         ;
;       |dflipflop:D2|       ; 1 (1)               ; 1 (1)                     ; 0                 ; 0          ; 0    ; 0            ; |top|clock_div_2ton:Tick0|dflipflop:D2  ; dflipflop      ; work         ;
;       |dflipflop:D3|       ; 1 (1)               ; 1 (1)                     ; 0                 ; 0          ; 0    ; 0            ; |top|clock_div_2ton:Tick0|dflipflop:D3  ; dflipflop      ; work         ;
;       |dflipflop:D4|       ; 1 (1)               ; 1 (1)                     ; 0                 ; 0          ; 0    ; 0            ; |top|clock_div_2ton:Tick0|dflipflop:D4  ; dflipflop      ; work         ;
;       |dflipflop:D5|       ; 1 (1)               ; 1 (1)                     ; 0                 ; 0          ; 0    ; 0            ; |top|clock_div_2ton:Tick0|dflipflop:D5  ; dflipflop      ; work         ;
;       |dflipflop:D6|       ; 1 (1)               ; 1 (1)                     ; 0                 ; 0          ; 0    ; 0            ; |top|clock_div_2ton:Tick0|dflipflop:D6  ; dflipflop      ; work         ;
;       |dflipflop:D7|       ; 1 (1)               ; 1 (1)                     ; 0                 ; 0          ; 0    ; 0            ; |top|clock_div_2ton:Tick0|dflipflop:D7  ; dflipflop      ; work         ;
;       |dflipflop:D8|       ; 1 (1)               ; 1 (1)                     ; 0                 ; 0          ; 0    ; 0            ; |top|clock_div_2ton:Tick0|dflipflop:D8  ; dflipflop      ; work         ;
;       |dflipflop:D9|       ; 1 (1)               ; 1 (1)                     ; 0                 ; 0          ; 0    ; 0            ; |top|clock_div_2ton:Tick0|dflipflop:D9  ; dflipflop      ; work         ;
+----------------------------+---------------------+---------------------------+-------------------+------------+------+--------------+-----------------------------------------+----------------+--------------+
Note: For table entries with two numbers listed, the numbers in parentheses indicate the number of resources of the given type used by the specific entity alone. The numbers listed outside of parentheses indicate the total resources of the given type used by the specific entity and all of its sub-entities in the hierarchy.


+-----------------------------------------------------------------+
; Registers Removed During Synthesis                              ;
+----------------------------------------+------------------------+
; Register name                          ; Reason for Removal     ;
+----------------------------------------+------------------------+
; cnt[0]                                 ; Merged with cnt_int[0] ;
; cnt_int[23]                            ; Merged with cnt[23]    ;
; cnt_int[22]                            ; Merged with cnt[22]    ;
; cnt_int[21]                            ; Merged with cnt[21]    ;
; cnt_int[20]                            ; Merged with cnt[20]    ;
; cnt_int[19]                            ; Merged with cnt[19]    ;
; cnt_int[18]                            ; Merged with cnt[18]    ;
; cnt_int[17]                            ; Merged with cnt[17]    ;
; cnt_int[16]                            ; Merged with cnt[16]    ;
; cnt_int[15]                            ; Merged with cnt[15]    ;
; cnt_int[14]                            ; Merged with cnt[14]    ;
; cnt_int[13]                            ; Merged with cnt[13]    ;
; cnt_int[12]                            ; Merged with cnt[12]    ;
; cnt_int[11]                            ; Merged with cnt[11]    ;
; cnt_int[10]                            ; Merged with cnt[10]    ;
; cnt_int[9]                             ; Merged with cnt[9]     ;
; cnt_int[8]                             ; Merged with cnt[8]     ;
; cnt_int[7]                             ; Merged with cnt[7]     ;
; cnt_int[6]                             ; Merged with cnt[6]     ;
; cnt_int[5]                             ; Merged with cnt[5]     ;
; cnt_int[4]                             ; Merged with cnt[4]     ;
; cnt_int[3]                             ; Merged with cnt[3]     ;
; cnt_int[2]                             ; Merged with cnt[2]     ;
; cnt_int[1]                             ; Merged with cnt[1]     ;
; cnt_int[24..31]                        ; Lost fanout            ;
; Total Number of Removed Registers = 32 ;                        ;
+----------------------------------------+------------------------+


+--------------------------------------------------------------------------------------------------------------------------------+
; Removed Registers Triggering Further Register Optimizations                                                                    ;
+---------------+--------------------+-------------------------------------------------------------------------------------------+
; Register name ; Reason for Removal ; Registers Removed due to This Register                                                    ;
+---------------+--------------------+-------------------------------------------------------------------------------------------+
; cnt_int[31]   ; Lost Fanouts       ; cnt_int[30], cnt_int[29], cnt_int[28], cnt_int[27], cnt_int[26], cnt_int[25], cnt_int[24] ;
+---------------+--------------------+-------------------------------------------------------------------------------------------+


+------------------------------------------------------+
; General Register Statistics                          ;
+----------------------------------------------+-------+
; Statistic                                    ; Value ;
+----------------------------------------------+-------+
; Total registers                              ; 49    ;
; Number of registers using Synchronous Clear  ; 23    ;
; Number of registers using Synchronous Load   ; 0     ;
; Number of registers using Asynchronous Clear ; 49    ;
; Number of registers using Asynchronous Load  ; 0     ;
; Number of registers using Clock Enable       ; 0     ;
; Number of registers using Preset             ; 0     ;
+----------------------------------------------+-------+


+---------------------------------------------------+
; Inverted Register Statistics                      ;
+-----------------------------------------+---------+
; Inverted Register                       ; Fan out ;
+-----------------------------------------+---------+
; clock_div_2ton:Tick0|dflipflop:D24|Qn   ; 2       ;
; clock_div_2ton:Tick0|dflipflop:D22|Qn   ; 3       ;
; clock_div_2ton:Tick0|dflipflop:D17|Qn   ; 3       ;
; clock_div_2ton:Tick0|dflipflop:D0|Qn    ; 3       ;
; clock_div_2ton:Tick0|dflipflop:D23|Qn   ; 2       ;
; clock_div_2ton:Tick0|dflipflop:D21|Qn   ; 2       ;
; clock_div_2ton:Tick0|dflipflop:D16|Qn   ; 2       ;
; clock_div_2ton:Tick0|dflipflop:D20|Qn   ; 2       ;
; clock_div_2ton:Tick0|dflipflop:D15|Qn   ; 2       ;
; clock_div_2ton:Tick0|dflipflop:D19|Qn   ; 2       ;
; clock_div_2ton:Tick0|dflipflop:D14|Qn   ; 2       ;
; clock_div_2ton:Tick0|dflipflop:D18|Qn   ; 2       ;
; clock_div_2ton:Tick0|dflipflop:D13|Qn   ; 2       ;
; clock_div_2ton:Tick0|dflipflop:D12|Qn   ; 2       ;
; clock_div_2ton:Tick0|dflipflop:D11|Qn   ; 2       ;
; clock_div_2ton:Tick0|dflipflop:D10|Qn   ; 2       ;
; clock_div_2ton:Tick0|dflipflop:D9|Qn    ; 2       ;
; clock_div_2ton:Tick0|dflipflop:D8|Qn    ; 2       ;
; clock_div_2ton:Tick0|dflipflop:D7|Qn    ; 2       ;
; clock_div_2ton:Tick0|dflipflop:D6|Qn    ; 2       ;
; clock_div_2ton:Tick0|dflipflop:D5|Qn    ; 2       ;
; clock_div_2ton:Tick0|dflipflop:D4|Qn    ; 2       ;
; clock_div_2ton:Tick0|dflipflop:D3|Qn    ; 2       ;
; clock_div_2ton:Tick0|dflipflop:D2|Qn    ; 2       ;
; clock_div_2ton:Tick0|dflipflop:D1|Qn    ; 2       ;
; Total number of inverted registers = 25 ;         ;
+-----------------------------------------+---------+


+-----------------------------------------------------------------------------------------------------------------------------------------------+
; Multiplexer Restructuring Statistics (Restructuring Performed)                                                                                ;
+--------------------+-----------+---------------+----------------------+------------------------+------------+---------------------------------+
; Multiplexer Inputs ; Bus Width ; Baseline Area ; Area if Restructured ; Saving if Restructured ; Registered ; Example Multiplexer Output      ;
+--------------------+-----------+---------------+----------------------+------------------------+------------+---------------------------------+
; 16:1               ; 2 bits    ; 20 LEs        ; 16 LEs               ; 4 LEs                  ; No         ; |top|char_decoder:C5|HEX_OUT[3] ;
; 16:1               ; 2 bits    ; 20 LEs        ; 16 LEs               ; 4 LEs                  ; No         ; |top|char_decoder:C4|HEX_OUT[4] ;
; 16:1               ; 2 bits    ; 20 LEs        ; 16 LEs               ; 4 LEs                  ; No         ; |top|char_decoder:C3|HEX_OUT[4] ;
; 16:1               ; 2 bits    ; 20 LEs        ; 16 LEs               ; 4 LEs                  ; No         ; |top|char_decoder:C2|HEX_OUT[4] ;
; 16:1               ; 2 bits    ; 20 LEs        ; 16 LEs               ; 4 LEs                  ; No         ; |top|char_decoder:C1|HEX_OUT[3] ;
; 16:1               ; 2 bits    ; 20 LEs        ; 16 LEs               ; 4 LEs                  ; No         ; |top|char_decoder:C0|HEX_OUT[3] ;
+--------------------+-----------+---------------+----------------------+------------------------+------------+---------------------------------+


+----------------------------------------------------------------------------------------------------------------+
; Port Connectivity Checks: "clock_div_2ton:Tick0|dflipflop:D37"                                                 ;
+------+--------+----------+-------------------------------------------------------------------------------------+
; Port ; Type   ; Severity ; Details                                                                             ;
+------+--------+----------+-------------------------------------------------------------------------------------+
; q    ; Output ; Info     ; Connected to dangling logic. Logic that only feeds a dangling port will be removed. ;
+------+--------+----------+-------------------------------------------------------------------------------------+


+----------------------------------------------------------------------------------------------------------------+
; Port Connectivity Checks: "clock_div_2ton:Tick0|dflipflop:D36"                                                 ;
+------+--------+----------+-------------------------------------------------------------------------------------+
; Port ; Type   ; Severity ; Details                                                                             ;
+------+--------+----------+-------------------------------------------------------------------------------------+
; q    ; Output ; Info     ; Connected to dangling logic. Logic that only feeds a dangling port will be removed. ;
+------+--------+----------+-------------------------------------------------------------------------------------+


+----------------------------------------------------------------------------------------------------------------+
; Port Connectivity Checks: "clock_div_2ton:Tick0|dflipflop:D35"                                                 ;
+------+--------+----------+-------------------------------------------------------------------------------------+
; Port ; Type   ; Severity ; Details                                                                             ;
+------+--------+----------+-------------------------------------------------------------------------------------+
; q    ; Output ; Info     ; Connected to dangling logic. Logic that only feeds a dangling port will be removed. ;
+------+--------+----------+-------------------------------------------------------------------------------------+


+----------------------------------------------------------------------------------------------------------------+
; Port Connectivity Checks: "clock_div_2ton:Tick0|dflipflop:D34"                                                 ;
+------+--------+----------+-------------------------------------------------------------------------------------+
; Port ; Type   ; Severity ; Details                                                                             ;
+------+--------+----------+-------------------------------------------------------------------------------------+
; q    ; Output ; Info     ; Connected to dangling logic. Logic that only feeds a dangling port will be removed. ;
+------+--------+----------+-------------------------------------------------------------------------------------+


+----------------------------------------------------------------------------------------------------------------+
; Port Connectivity Checks: "clock_div_2ton:Tick0|dflipflop:D33"                                                 ;
+------+--------+----------+-------------------------------------------------------------------------------------+
; Port ; Type   ; Severity ; Details                                                                             ;
+------+--------+----------+-------------------------------------------------------------------------------------+
; q    ; Output ; Info     ; Connected to dangling logic. Logic that only feeds a dangling port will be removed. ;
+------+--------+----------+-------------------------------------------------------------------------------------+


+----------------------------------------------------------------------------------------------------------------+
; Port Connectivity Checks: "clock_div_2ton:Tick0|dflipflop:D32"                                                 ;
+------+--------+----------+-------------------------------------------------------------------------------------+
; Port ; Type   ; Severity ; Details                                                                             ;
+------+--------+----------+-------------------------------------------------------------------------------------+
; q    ; Output ; Info     ; Connected to dangling logic. Logic that only feeds a dangling port will be removed. ;
+------+--------+----------+-------------------------------------------------------------------------------------+


+----------------------------------------------------------------------------------------------------------------+
; Port Connectivity Checks: "clock_div_2ton:Tick0|dflipflop:D31"                                                 ;
+------+--------+----------+-------------------------------------------------------------------------------------+
; Port ; Type   ; Severity ; Details                                                                             ;
+------+--------+----------+-------------------------------------------------------------------------------------+
; q    ; Output ; Info     ; Connected to dangling logic. Logic that only feeds a dangling port will be removed. ;
+------+--------+----------+-------------------------------------------------------------------------------------+


+----------------------------------------------------------------------------------------------------------------+
; Port Connectivity Checks: "clock_div_2ton:Tick0|dflipflop:D30"                                                 ;
+------+--------+----------+-------------------------------------------------------------------------------------+
; Port ; Type   ; Severity ; Details                                                                             ;
+------+--------+----------+-------------------------------------------------------------------------------------+
; q    ; Output ; Info     ; Connected to dangling logic. Logic that only feeds a dangling port will be removed. ;
+------+--------+----------+-------------------------------------------------------------------------------------+


+----------------------------------------------------------------------------------------------------------------+
; Port Connectivity Checks: "clock_div_2ton:Tick0|dflipflop:D29"                                                 ;
+------+--------+----------+-------------------------------------------------------------------------------------+
; Port ; Type   ; Severity ; Details                                                                             ;
+------+--------+----------+-------------------------------------------------------------------------------------+
; q    ; Output ; Info     ; Connected to dangling logic. Logic that only feeds a dangling port will be removed. ;
+------+--------+----------+-------------------------------------------------------------------------------------+


+----------------------------------------------------------------------------------------------------------------+
; Port Connectivity Checks: "clock_div_2ton:Tick0|dflipflop:D28"                                                 ;
+------+--------+----------+-------------------------------------------------------------------------------------+
; Port ; Type   ; Severity ; Details                                                                             ;
+------+--------+----------+-------------------------------------------------------------------------------------+
; q    ; Output ; Info     ; Connected to dangling logic. Logic that only feeds a dangling port will be removed. ;
+------+--------+----------+-------------------------------------------------------------------------------------+


+----------------------------------------------------------------------------------------------------------------+
; Port Connectivity Checks: "clock_div_2ton:Tick0|dflipflop:D27"                                                 ;
+------+--------+----------+-------------------------------------------------------------------------------------+
; Port ; Type   ; Severity ; Details                                                                             ;
+------+--------+----------+-------------------------------------------------------------------------------------+
; q    ; Output ; Info     ; Connected to dangling logic. Logic that only feeds a dangling port will be removed. ;
+------+--------+----------+-------------------------------------------------------------------------------------+


+----------------------------------------------------------------------------------------------------------------+
; Port Connectivity Checks: "clock_div_2ton:Tick0|dflipflop:D26"                                                 ;
+------+--------+----------+-------------------------------------------------------------------------------------+
; Port ; Type   ; Severity ; Details                                                                             ;
+------+--------+----------+-------------------------------------------------------------------------------------+
; q    ; Output ; Info     ; Connected to dangling logic. Logic that only feeds a dangling port will be removed. ;
+------+--------+----------+-------------------------------------------------------------------------------------+


+----------------------------------------------------------------------------------------------------------------+
; Port Connectivity Checks: "clock_div_2ton:Tick0|dflipflop:D25"                                                 ;
+------+--------+----------+-------------------------------------------------------------------------------------+
; Port ; Type   ; Severity ; Details                                                                             ;
+------+--------+----------+-------------------------------------------------------------------------------------+
; q    ; Output ; Info     ; Connected to dangling logic. Logic that only feeds a dangling port will be removed. ;
+------+--------+----------+-------------------------------------------------------------------------------------+


+----------------------------------------------------------------------------------------------------------------+
; Port Connectivity Checks: "clock_div_2ton:Tick0|dflipflop:D24"                                                 ;
+------+--------+----------+-------------------------------------------------------------------------------------+
; Port ; Type   ; Severity ; Details                                                                             ;
+------+--------+----------+-------------------------------------------------------------------------------------+
; q    ; Output ; Info     ; Connected to dangling logic. Logic that only feeds a dangling port will be removed. ;
+------+--------+----------+-------------------------------------------------------------------------------------+


+----------------------------------------------------------------------------------------------------------------+
; Port Connectivity Checks: "clock_div_2ton:Tick0|dflipflop:D23"                                                 ;
+------+--------+----------+-------------------------------------------------------------------------------------+
; Port ; Type   ; Severity ; Details                                                                             ;
+------+--------+----------+-------------------------------------------------------------------------------------+
; q    ; Output ; Info     ; Connected to dangling logic. Logic that only feeds a dangling port will be removed. ;
+------+--------+----------+-------------------------------------------------------------------------------------+


+----------------------------------------------------------------------------------------------------------------+
; Port Connectivity Checks: "clock_div_2ton:Tick0|dflipflop:D22"                                                 ;
+------+--------+----------+-------------------------------------------------------------------------------------+
; Port ; Type   ; Severity ; Details                                                                             ;
+------+--------+----------+-------------------------------------------------------------------------------------+
; q    ; Output ; Info     ; Connected to dangling logic. Logic that only feeds a dangling port will be removed. ;
+------+--------+----------+-------------------------------------------------------------------------------------+


+----------------------------------------------------------------------------------------------------------------+
; Port Connectivity Checks: "clock_div_2ton:Tick0|dflipflop:D21"                                                 ;
+------+--------+----------+-------------------------------------------------------------------------------------+
; Port ; Type   ; Severity ; Details                                                                             ;
+------+--------+----------+-------------------------------------------------------------------------------------+
; q    ; Output ; Info     ; Connected to dangling logic. Logic that only feeds a dangling port will be removed. ;
+------+--------+----------+-------------------------------------------------------------------------------------+


+----------------------------------------------------------------------------------------------------------------+
; Port Connectivity Checks: "clock_div_2ton:Tick0|dflipflop:D20"                                                 ;
+------+--------+----------+-------------------------------------------------------------------------------------+
; Port ; Type   ; Severity ; Details                                                                             ;
+------+--------+----------+-------------------------------------------------------------------------------------+
; q    ; Output ; Info     ; Connected to dangling logic. Logic that only feeds a dangling port will be removed. ;
+------+--------+----------+-------------------------------------------------------------------------------------+


+----------------------------------------------------------------------------------------------------------------+
; Port Connectivity Checks: "clock_div_2ton:Tick0|dflipflop:D19"                                                 ;
+------+--------+----------+-------------------------------------------------------------------------------------+
; Port ; Type   ; Severity ; Details                                                                             ;
+------+--------+----------+-------------------------------------------------------------------------------------+
; q    ; Output ; Info     ; Connected to dangling logic. Logic that only feeds a dangling port will be removed. ;
+------+--------+----------+-------------------------------------------------------------------------------------+


+----------------------------------------------------------------------------------------------------------------+
; Port Connectivity Checks: "clock_div_2ton:Tick0|dflipflop:D18"                                                 ;
+------+--------+----------+-------------------------------------------------------------------------------------+
; Port ; Type   ; Severity ; Details                                                                             ;
+------+--------+----------+-------------------------------------------------------------------------------------+
; q    ; Output ; Info     ; Connected to dangling logic. Logic that only feeds a dangling port will be removed. ;
+------+--------+----------+-------------------------------------------------------------------------------------+


+----------------------------------------------------------------------------------------------------------------+
; Port Connectivity Checks: "clock_div_2ton:Tick0|dflipflop:D17"                                                 ;
+------+--------+----------+-------------------------------------------------------------------------------------+
; Port ; Type   ; Severity ; Details                                                                             ;
+------+--------+----------+-------------------------------------------------------------------------------------+
; q    ; Output ; Info     ; Connected to dangling logic. Logic that only feeds a dangling port will be removed. ;
+------+--------+----------+-------------------------------------------------------------------------------------+


+----------------------------------------------------------------------------------------------------------------+
; Port Connectivity Checks: "clock_div_2ton:Tick0|dflipflop:D16"                                                 ;
+------+--------+----------+-------------------------------------------------------------------------------------+
; Port ; Type   ; Severity ; Details                                                                             ;
+------+--------+----------+-------------------------------------------------------------------------------------+
; q    ; Output ; Info     ; Connected to dangling logic. Logic that only feeds a dangling port will be removed. ;
+------+--------+----------+-------------------------------------------------------------------------------------+


+----------------------------------------------------------------------------------------------------------------+
; Port Connectivity Checks: "clock_div_2ton:Tick0|dflipflop:D15"                                                 ;
+------+--------+----------+-------------------------------------------------------------------------------------+
; Port ; Type   ; Severity ; Details                                                                             ;
+------+--------+----------+-------------------------------------------------------------------------------------+
; q    ; Output ; Info     ; Connected to dangling logic. Logic that only feeds a dangling port will be removed. ;
+------+--------+----------+-------------------------------------------------------------------------------------+


+----------------------------------------------------------------------------------------------------------------+
; Port Connectivity Checks: "clock_div_2ton:Tick0|dflipflop:D14"                                                 ;
+------+--------+----------+-------------------------------------------------------------------------------------+
; Port ; Type   ; Severity ; Details                                                                             ;
+------+--------+----------+-------------------------------------------------------------------------------------+
; q    ; Output ; Info     ; Connected to dangling logic. Logic that only feeds a dangling port will be removed. ;
+------+--------+----------+-------------------------------------------------------------------------------------+


+----------------------------------------------------------------------------------------------------------------+
; Port Connectivity Checks: "clock_div_2ton:Tick0|dflipflop:D13"                                                 ;
+------+--------+----------+-------------------------------------------------------------------------------------+
; Port ; Type   ; Severity ; Details                                                                             ;
+------+--------+----------+-------------------------------------------------------------------------------------+
; q    ; Output ; Info     ; Connected to dangling logic. Logic that only feeds a dangling port will be removed. ;
+------+--------+----------+-------------------------------------------------------------------------------------+


+----------------------------------------------------------------------------------------------------------------+
; Port Connectivity Checks: "clock_div_2ton:Tick0|dflipflop:D12"                                                 ;
+------+--------+----------+-------------------------------------------------------------------------------------+
; Port ; Type   ; Severity ; Details                                                                             ;
+------+--------+----------+-------------------------------------------------------------------------------------+
; q    ; Output ; Info     ; Connected to dangling logic. Logic that only feeds a dangling port will be removed. ;
+------+--------+----------+-------------------------------------------------------------------------------------+


+----------------------------------------------------------------------------------------------------------------+
; Port Connectivity Checks: "clock_div_2ton:Tick0|dflipflop:D11"                                                 ;
+------+--------+----------+-------------------------------------------------------------------------------------+
; Port ; Type   ; Severity ; Details                                                                             ;
+------+--------+----------+-------------------------------------------------------------------------------------+
; q    ; Output ; Info     ; Connected to dangling logic. Logic that only feeds a dangling port will be removed. ;
+------+--------+----------+-------------------------------------------------------------------------------------+


+----------------------------------------------------------------------------------------------------------------+
; Port Connectivity Checks: "clock_div_2ton:Tick0|dflipflop:D10"                                                 ;
+------+--------+----------+-------------------------------------------------------------------------------------+
; Port ; Type   ; Severity ; Details                                                                             ;
+------+--------+----------+-------------------------------------------------------------------------------------+
; q    ; Output ; Info     ; Connected to dangling logic. Logic that only feeds a dangling port will be removed. ;
+------+--------+----------+-------------------------------------------------------------------------------------+


+----------------------------------------------------------------------------------------------------------------+
; Port Connectivity Checks: "clock_div_2ton:Tick0|dflipflop:D9"                                                  ;
+------+--------+----------+-------------------------------------------------------------------------------------+
; Port ; Type   ; Severity ; Details                                                                             ;
+------+--------+----------+-------------------------------------------------------------------------------------+
; q    ; Output ; Info     ; Connected to dangling logic. Logic that only feeds a dangling port will be removed. ;
+------+--------+----------+-------------------------------------------------------------------------------------+


+----------------------------------------------------------------------------------------------------------------+
; Port Connectivity Checks: "clock_div_2ton:Tick0|dflipflop:D8"                                                  ;
+------+--------+----------+-------------------------------------------------------------------------------------+
; Port ; Type   ; Severity ; Details                                                                             ;
+------+--------+----------+-------------------------------------------------------------------------------------+
; q    ; Output ; Info     ; Connected to dangling logic. Logic that only feeds a dangling port will be removed. ;
+------+--------+----------+-------------------------------------------------------------------------------------+


+----------------------------------------------------------------------------------------------------------------+
; Port Connectivity Checks: "clock_div_2ton:Tick0|dflipflop:D7"                                                  ;
+------+--------+----------+-------------------------------------------------------------------------------------+
; Port ; Type   ; Severity ; Details                                                                             ;
+------+--------+----------+-------------------------------------------------------------------------------------+
; q    ; Output ; Info     ; Connected to dangling logic. Logic that only feeds a dangling port will be removed. ;
+------+--------+----------+-------------------------------------------------------------------------------------+


+----------------------------------------------------------------------------------------------------------------+
; Port Connectivity Checks: "clock_div_2ton:Tick0|dflipflop:D6"                                                  ;
+------+--------+----------+-------------------------------------------------------------------------------------+
; Port ; Type   ; Severity ; Details                                                                             ;
+------+--------+----------+-------------------------------------------------------------------------------------+
; q    ; Output ; Info     ; Connected to dangling logic. Logic that only feeds a dangling port will be removed. ;
+------+--------+----------+-------------------------------------------------------------------------------------+


+----------------------------------------------------------------------------------------------------------------+
; Port Connectivity Checks: "clock_div_2ton:Tick0|dflipflop:D5"                                                  ;
+------+--------+----------+-------------------------------------------------------------------------------------+
; Port ; Type   ; Severity ; Details                                                                             ;
+------+--------+----------+-------------------------------------------------------------------------------------+
; q    ; Output ; Info     ; Connected to dangling logic. Logic that only feeds a dangling port will be removed. ;
+------+--------+----------+-------------------------------------------------------------------------------------+


+----------------------------------------------------------------------------------------------------------------+
; Port Connectivity Checks: "clock_div_2ton:Tick0|dflipflop:D4"                                                  ;
+------+--------+----------+-------------------------------------------------------------------------------------+
; Port ; Type   ; Severity ; Details                                                                             ;
+------+--------+----------+-------------------------------------------------------------------------------------+
; q    ; Output ; Info     ; Connected to dangling logic. Logic that only feeds a dangling port will be removed. ;
+------+--------+----------+-------------------------------------------------------------------------------------+


+----------------------------------------------------------------------------------------------------------------+
; Port Connectivity Checks: "clock_div_2ton:Tick0|dflipflop:D3"                                                  ;
+------+--------+----------+-------------------------------------------------------------------------------------+
; Port ; Type   ; Severity ; Details                                                                             ;
+------+--------+----------+-------------------------------------------------------------------------------------+
; q    ; Output ; Info     ; Connected to dangling logic. Logic that only feeds a dangling port will be removed. ;
+------+--------+----------+-------------------------------------------------------------------------------------+


+----------------------------------------------------------------------------------------------------------------+
; Port Connectivity Checks: "clock_div_2ton:Tick0|dflipflop:D2"                                                  ;
+------+--------+----------+-------------------------------------------------------------------------------------+
; Port ; Type   ; Severity ; Details                                                                             ;
+------+--------+----------+-------------------------------------------------------------------------------------+
; q    ; Output ; Info     ; Connected to dangling logic. Logic that only feeds a dangling port will be removed. ;
+------+--------+----------+-------------------------------------------------------------------------------------+


+----------------------------------------------------------------------------------------------------------------+
; Port Connectivity Checks: "clock_div_2ton:Tick0|dflipflop:D1"                                                  ;
+------+--------+----------+-------------------------------------------------------------------------------------+
; Port ; Type   ; Severity ; Details                                                                             ;
+------+--------+----------+-------------------------------------------------------------------------------------+
; q    ; Output ; Info     ; Connected to dangling logic. Logic that only feeds a dangling port will be removed. ;
+------+--------+----------+-------------------------------------------------------------------------------------+


+----------------------------------------------------------------------------------------------------------------+
; Port Connectivity Checks: "clock_div_2ton:Tick0|dflipflop:D0"                                                  ;
+------+--------+----------+-------------------------------------------------------------------------------------+
; Port ; Type   ; Severity ; Details                                                                             ;
+------+--------+----------+-------------------------------------------------------------------------------------+
; q    ; Output ; Info     ; Connected to dangling logic. Logic that only feeds a dangling port will be removed. ;
+------+--------+----------+-------------------------------------------------------------------------------------+


+-----------------------------------------------------+
; Post-Synthesis Netlist Statistics for Top Partition ;
+-----------------------+-----------------------------+
; Type                  ; Count                       ;
+-----------------------+-----------------------------+
; arriav_ff             ; 49                          ;
;     CLR               ; 26                          ;
;     CLR SCLR          ; 23                          ;
; arriav_lcell_comb     ; 102                         ;
;     arith             ; 24                          ;
;         1 data inputs ; 24                          ;
;     normal            ; 78                          ;
;         1 data inputs ; 25                          ;
;         2 data inputs ; 3                           ;
;         3 data inputs ; 3                           ;
;         4 data inputs ; 43                          ;
;         6 data inputs ; 4                           ;
; boundary_port         ; 64                          ;
;                       ;                             ;
; Max LUT depth         ; 4.00                        ;
; Average LUT depth     ; 1.79                        ;
+-----------------------+-----------------------------+


+-------------------------------+
; Elapsed Time Per Partition    ;
+----------------+--------------+
; Partition Name ; Elapsed Time ;
+----------------+--------------+
; Top            ; 00:00:00     ;
+----------------+--------------+


+-------------------------------+
; Analysis & Synthesis Messages ;
+-------------------------------+
Info: *******************************************************************
Info: Running Quartus Prime Analysis & Synthesis
    Info: Version 18.0.0 Build 614 04/24/2018 SJ Lite Edition
    Info: Processing started: Mon Feb 18 17:17:37 2019
Info: Command: quartus_map --read_settings_files=on --write_settings_files=off lab_9-3 -c top
Warning (18236): Number of processors has not been specified which may cause overloading on shared machines.  Set the global assignment NUM_PARALLEL_PROCESSORS in your QSF to an appropriate value for best performance.
Info (20030): Parallel compilation is enabled and will use 4 of the 4 processors detected
Info (12021): Found 2 design units, including 1 entities, in source file top.vhd
    Info (12022): Found design unit 1: top-top_arch File: C:/Users/Louis/Desktop/EELE 367/Lab 9-3/top.vhd Line: 19
    Info (12023): Found entity 1: top File: C:/Users/Louis/Desktop/EELE 367/Lab 9-3/top.vhd Line: 5
Info (12021): Found 2 design units, including 1 entities, in source file char_decoder.vhd
    Info (12022): Found design unit 1: char_decoder-char_decoder_arch File: C:/Users/Louis/Desktop/EELE 367/Lab 9-3/char_decoder.vhd Line: 9
    Info (12023): Found entity 1: char_decoder File: C:/Users/Louis/Desktop/EELE 367/Lab 9-3/char_decoder.vhd Line: 4
Info (12021): Found 2 design units, including 1 entities, in source file dflipflop.vhd
    Info (12022): Found design unit 1: dflipflop-dflipflop_arch File: C:/Users/Louis/Desktop/EELE 367/Lab 9-3/dflipflop.vhd Line: 12
    Info (12023): Found entity 1: dflipflop File: C:/Users/Louis/Desktop/EELE 367/Lab 9-3/dflipflop.vhd Line: 5
Info (12021): Found 2 design units, including 1 entities, in source file clock_div_2ton.vhd
    Info (12022): Found design unit 1: clock_div_2ton-clock_div_2ton_arch File: C:/Users/Louis/Desktop/EELE 367/Lab 9-3/clock_div_2ton.vhd Line: 12
    Info (12023): Found entity 1: clock_div_2ton File: C:/Users/Louis/Desktop/EELE 367/Lab 9-3/clock_div_2ton.vhd Line: 5
Info (12127): Elaborating entity "top" for the top level hierarchy
Info (12128): Elaborating entity "clock_div_2ton" for hierarchy "clock_div_2ton:Tick0" File: C:/Users/Louis/Desktop/EELE 367/Lab 9-3/top.vhd Line: 47
Warning (10036): Verilog HDL or VHDL warning at clock_div_2ton.vhd(14): object "cnt" assigned a value but never read File: C:/Users/Louis/Desktop/EELE 367/Lab 9-3/clock_div_2ton.vhd Line: 14
Warning (10492): VHDL Process Statement warning at clock_div_2ton.vhd(72): signal "cntn" is read inside the Process Statement but isn't in the Process Statement's sensitivity list File: C:/Users/Louis/Desktop/EELE 367/Lab 9-3/clock_div_2ton.vhd Line: 72
Warning (10492): VHDL Process Statement warning at clock_div_2ton.vhd(75): signal "cntn" is read inside the Process Statement but isn't in the Process Statement's sensitivity list File: C:/Users/Louis/Desktop/EELE 367/Lab 9-3/clock_div_2ton.vhd Line: 75
Warning (10492): VHDL Process Statement warning at clock_div_2ton.vhd(78): signal "cntn" is read inside the Process Statement but isn't in the Process Statement's sensitivity list File: C:/Users/Louis/Desktop/EELE 367/Lab 9-3/clock_div_2ton.vhd Line: 78
Warning (10492): VHDL Process Statement warning at clock_div_2ton.vhd(81): signal "cntn" is read inside the Process Statement but isn't in the Process Statement's sensitivity list File: C:/Users/Louis/Desktop/EELE 367/Lab 9-3/clock_div_2ton.vhd Line: 81
Warning (10631): VHDL Process Statement warning at clock_div_2ton.vhd(67): inferring latch(es) for signal or variable "Clock_Out", which holds its previous value in one or more paths through the process File: C:/Users/Louis/Desktop/EELE 367/Lab 9-3/clock_div_2ton.vhd Line: 67
Info (10041): Inferred latch for "Clock_Out" at clock_div_2ton.vhd(67) File: C:/Users/Louis/Desktop/EELE 367/Lab 9-3/clock_div_2ton.vhd Line: 67
Info (12128): Elaborating entity "dflipflop" for hierarchy "clock_div_2ton:Tick0|dflipflop:D0" File: C:/Users/Louis/Desktop/EELE 367/Lab 9-3/clock_div_2ton.vhd Line: 26
Info (12128): Elaborating entity "char_decoder" for hierarchy "char_decoder:C0" File: C:/Users/Louis/Desktop/EELE 367/Lab 9-3/top.vhd Line: 71
Warning (14026): LATCH primitive "clock_div_2ton:Tick0|Clock_Out" is permanently enabled File: C:/Users/Louis/Desktop/EELE 367/Lab 9-3/clock_div_2ton.vhd Line: 9
Warning (19016): Clock multiplexers are found and protected
    Warning (19017): Found clock multiplexer clock_div_2ton:Tick0|Clock_Out~0 File: C:/Users/Louis/Desktop/EELE 367/Lab 9-3/clock_div_2ton.vhd Line: 9
    Warning (19017): Found clock multiplexer clock_div_2ton:Tick0|Clock_Out~1 File: C:/Users/Louis/Desktop/EELE 367/Lab 9-3/clock_div_2ton.vhd Line: 9
    Warning (19017): Found clock multiplexer clock_div_2ton:Tick0|Clock_Out~2 File: C:/Users/Louis/Desktop/EELE 367/Lab 9-3/clock_div_2ton.vhd Line: 9
Info (286030): Timing-Driven Synthesis is running
Critical Warning (18061): Ignored Power-Up Level option on the following registers
    Critical Warning (18010): Register cnt_int[0] will power up to Low File: C:/Users/Louis/Desktop/EELE 367/Lab 9-3/top.vhd Line: 52
Info (17049): 8 registers lost all their fanouts during netlist optimizations.
Info (16010): Generating hard_block partition "hard_block:auto_generated_inst"
    Info (16011): Adding 0 node(s), including 0 DDIO, 0 PLL, 0 transceiver and 0 LCELL
Info (21057): Implemented 166 device resources after synthesis - the final resource count might be different
    Info (21058): Implemented 4 input pins
    Info (21059): Implemented 60 output pins
    Info (21061): Implemented 102 logic cells
Info: Quartus Prime Analysis & Synthesis was successful. 0 errors, 14 warnings
    Info: Peak virtual memory: 725 megabytes
    Info: Processing ended: Mon Feb 18 17:17:46 2019
    Info: Elapsed time: 00:00:09
    Info: Total CPU time (on all processors): 00:00:21


