------------------------------------------------------------
Timing Analyzer Summary
------------------------------------------------------------

Type  : Slow 1100mV 85C Model Setup 'Clock1'
Slack : -2.254
TNS   : -2.254

Type  : Slow 1100mV 85C Model Setup 'dflipflop:D21|Q'
Slack : -2.210
TNS   : -16.260

Type  : Slow 1100mV 85C Model Setup 'dflipflop:D5|Qn'
Slack : -2.028
TNS   : -2.028

Type  : Slow 1100mV 85C Model Setup 'dflipflop:D7|Qn'
Slack : -1.985
TNS   : -1.985

Type  : Slow 1100mV 85C Model Setup 'dflipflop:D18|Qn'
Slack : -1.977
TNS   : -1.977

Type  : Slow 1100mV 85C Model Setup 'dflipflop:D19|Qn'
Slack : -1.964
TNS   : -1.964

Type  : Slow 1100mV 85C Model Setup 'dflipflop:D15|Qn'
Slack : -1.940
TNS   : -1.940

Type  : Slow 1100mV 85C Model Setup 'dflipflop:D1|Qn'
Slack : -1.921
TNS   : -1.921

Type  : Slow 1100mV 85C Model Setup 'dflipflop:D2|Qn'
Slack : -1.914
TNS   : -1.914

Type  : Slow 1100mV 85C Model Setup 'dflipflop:D3|Qn'
Slack : -1.907
TNS   : -1.907

Type  : Slow 1100mV 85C Model Setup 'dflipflop:D12|Qn'
Slack : -1.906
TNS   : -1.906

Type  : Slow 1100mV 85C Model Setup 'dflipflop:D13|Qn'
Slack : -1.904
TNS   : -1.904

Type  : Slow 1100mV 85C Model Setup 'dflipflop:D9|Qn'
Slack : -1.903
TNS   : -1.903

Type  : Slow 1100mV 85C Model Setup 'dflipflop:D16|Qn'
Slack : -1.901
TNS   : -1.901

Type  : Slow 1100mV 85C Model Setup 'dflipflop:D14|Qn'
Slack : -1.881
TNS   : -1.881

Type  : Slow 1100mV 85C Model Setup 'dflipflop:D17|Qn'
Slack : -1.879
TNS   : -1.879

Type  : Slow 1100mV 85C Model Setup 'dflipflop:D4|Qn'
Slack : -1.869
TNS   : -1.869

Type  : Slow 1100mV 85C Model Setup 'dflipflop:D8|Qn'
Slack : -1.861
TNS   : -1.861

Type  : Slow 1100mV 85C Model Setup 'dflipflop:D0|Qn'
Slack : -1.859
TNS   : -1.859

Type  : Slow 1100mV 85C Model Setup 'dflipflop:D6|Qn'
Slack : -1.855
TNS   : -1.855

Type  : Slow 1100mV 85C Model Setup 'dflipflop:D11|Qn'
Slack : -1.798
TNS   : -1.798

Type  : Slow 1100mV 85C Model Setup 'dflipflop:D10|Qn'
Slack : -1.758
TNS   : -1.758

Type  : Slow 1100mV 85C Model Setup 'dflipflop:D20|Qn'
Slack : -1.663
TNS   : -2.739

Type  : Slow 1100mV 85C Model Hold 'dflipflop:D17|Qn'
Slack : 0.196
TNS   : 0.000

Type  : Slow 1100mV 85C Model Hold 'Clock1'
Slack : 0.353
TNS   : 0.000

Type  : Slow 1100mV 85C Model Hold 'dflipflop:D10|Qn'
Slack : 0.404
TNS   : 0.000

Type  : Slow 1100mV 85C Model Hold 'dflipflop:D11|Qn'
Slack : 0.406
TNS   : 0.000

Type  : Slow 1100mV 85C Model Hold 'dflipflop:D1|Qn'
Slack : 0.447
TNS   : 0.000

Type  : Slow 1100mV 85C Model Hold 'dflipflop:D20|Qn'
Slack : 0.467
TNS   : 0.000

Type  : Slow 1100mV 85C Model Hold 'dflipflop:D9|Qn'
Slack : 0.482
TNS   : 0.000

Type  : Slow 1100mV 85C Model Hold 'dflipflop:D0|Qn'
Slack : 0.498
TNS   : 0.000

Type  : Slow 1100mV 85C Model Hold 'dflipflop:D6|Qn'
Slack : 0.508
TNS   : 0.000

Type  : Slow 1100mV 85C Model Hold 'dflipflop:D15|Qn'
Slack : 0.511
TNS   : 0.000

Type  : Slow 1100mV 85C Model Hold 'dflipflop:D14|Qn'
Slack : 0.524
TNS   : 0.000

Type  : Slow 1100mV 85C Model Hold 'dflipflop:D19|Qn'
Slack : 0.525
TNS   : 0.000

Type  : Slow 1100mV 85C Model Hold 'dflipflop:D8|Qn'
Slack : 0.527
TNS   : 0.000

Type  : Slow 1100mV 85C Model Hold 'dflipflop:D16|Qn'
Slack : 0.548
TNS   : 0.000

Type  : Slow 1100mV 85C Model Hold 'dflipflop:D13|Qn'
Slack : 0.552
TNS   : 0.000

Type  : Slow 1100mV 85C Model Hold 'dflipflop:D18|Qn'
Slack : 0.555
TNS   : 0.000

Type  : Slow 1100mV 85C Model Hold 'dflipflop:D4|Qn'
Slack : 0.557
TNS   : 0.000

Type  : Slow 1100mV 85C Model Hold 'dflipflop:D2|Qn'
Slack : 0.559
TNS   : 0.000

Type  : Slow 1100mV 85C Model Hold 'dflipflop:D7|Qn'
Slack : 0.578
TNS   : 0.000

Type  : Slow 1100mV 85C Model Hold 'dflipflop:D12|Qn'
Slack : 0.581
TNS   : 0.000

Type  : Slow 1100mV 85C Model Hold 'dflipflop:D3|Qn'
Slack : 0.654
TNS   : 0.000

Type  : Slow 1100mV 85C Model Hold 'dflipflop:D5|Qn'
Slack : 0.746
TNS   : 0.000

Type  : Slow 1100mV 85C Model Hold 'dflipflop:D21|Q'
Slack : 0.844
TNS   : 0.000

Type  : Slow 1100mV 85C Model Minimum Pulse Width 'dflipflop:D21|Q'
Slack : -0.538
TNS   : -7.710

Type  : Slow 1100mV 85C Model Minimum Pulse Width 'dflipflop:D20|Qn'
Slack : -0.538
TNS   : -1.578

Type  : Slow 1100mV 85C Model Minimum Pulse Width 'Clock1'
Slack : -0.538
TNS   : -0.914

Type  : Slow 1100mV 85C Model Minimum Pulse Width 'dflipflop:D12|Qn'
Slack : -0.538
TNS   : -0.879

Type  : Slow 1100mV 85C Model Minimum Pulse Width 'dflipflop:D18|Qn'
Slack : -0.538
TNS   : -0.878

Type  : Slow 1100mV 85C Model Minimum Pulse Width 'dflipflop:D4|Qn'
Slack : -0.538
TNS   : -0.867

Type  : Slow 1100mV 85C Model Minimum Pulse Width 'dflipflop:D16|Qn'
Slack : -0.538
TNS   : -0.865

Type  : Slow 1100mV 85C Model Minimum Pulse Width 'dflipflop:D19|Qn'
Slack : -0.538
TNS   : -0.863

Type  : Slow 1100mV 85C Model Minimum Pulse Width 'dflipflop:D7|Qn'
Slack : -0.538
TNS   : -0.851

Type  : Slow 1100mV 85C Model Minimum Pulse Width 'dflipflop:D13|Qn'
Slack : -0.538
TNS   : -0.850

Type  : Slow 1100mV 85C Model Minimum Pulse Width 'dflipflop:D6|Qn'
Slack : -0.538
TNS   : -0.850

Type  : Slow 1100mV 85C Model Minimum Pulse Width 'dflipflop:D17|Qn'
Slack : -0.538
TNS   : -0.832

Type  : Slow 1100mV 85C Model Minimum Pulse Width 'dflipflop:D0|Qn'
Slack : -0.538
TNS   : -0.784

Type  : Slow 1100mV 85C Model Minimum Pulse Width 'dflipflop:D2|Qn'
Slack : -0.538
TNS   : -0.784

Type  : Slow 1100mV 85C Model Minimum Pulse Width 'dflipflop:D14|Qn'
Slack : -0.538
TNS   : -0.783

Type  : Slow 1100mV 85C Model Minimum Pulse Width 'dflipflop:D8|Qn'
Slack : -0.538
TNS   : -0.783

Type  : Slow 1100mV 85C Model Minimum Pulse Width 'dflipflop:D10|Qn'
Slack : -0.538
TNS   : -0.782

Type  : Slow 1100mV 85C Model Minimum Pulse Width 'dflipflop:D9|Qn'
Slack : -0.538
TNS   : -0.782

Type  : Slow 1100mV 85C Model Minimum Pulse Width 'dflipflop:D15|Qn'
Slack : -0.538
TNS   : -0.780

Type  : Slow 1100mV 85C Model Minimum Pulse Width 'dflipflop:D11|Qn'
Slack : -0.538
TNS   : -0.774

Type  : Slow 1100mV 85C Model Minimum Pulse Width 'dflipflop:D1|Qn'
Slack : -0.538
TNS   : -0.774

Type  : Slow 1100mV 85C Model Minimum Pulse Width 'dflipflop:D5|Qn'
Slack : -0.538
TNS   : -0.774

Type  : Slow 1100mV 85C Model Minimum Pulse Width 'dflipflop:D3|Qn'
Slack : -0.538
TNS   : -0.773

Type  : Slow 1100mV 0C Model Setup 'dflipflop:D21|Q'
Slack : -2.209
TNS   : -16.226

Type  : Slow 1100mV 0C Model Setup 'Clock1'
Slack : -2.093
TNS   : -2.093

Type  : Slow 1100mV 0C Model Setup 'dflipflop:D18|Qn'
Slack : -2.044
TNS   : -2.044

Type  : Slow 1100mV 0C Model Setup 'dflipflop:D5|Qn'
Slack : -1.987
TNS   : -1.987

Type  : Slow 1100mV 0C Model Setup 'dflipflop:D16|Qn'
Slack : -1.959
TNS   : -1.959

Type  : Slow 1100mV 0C Model Setup 'dflipflop:D15|Qn'
Slack : -1.938
TNS   : -1.938

Type  : Slow 1100mV 0C Model Setup 'dflipflop:D14|Qn'
Slack : -1.929
TNS   : -1.929

Type  : Slow 1100mV 0C Model Setup 'dflipflop:D2|Qn'
Slack : -1.923
TNS   : -1.923

Type  : Slow 1100mV 0C Model Setup 'dflipflop:D8|Qn'
Slack : -1.923
TNS   : -1.923

Type  : Slow 1100mV 0C Model Setup 'dflipflop:D12|Qn'
Slack : -1.904
TNS   : -1.904

Type  : Slow 1100mV 0C Model Setup 'dflipflop:D13|Qn'
Slack : -1.890
TNS   : -1.890

Type  : Slow 1100mV 0C Model Setup 'dflipflop:D0|Qn'
Slack : -1.889
TNS   : -1.889

Type  : Slow 1100mV 0C Model Setup 'dflipflop:D4|Qn'
Slack : -1.848
TNS   : -1.848

Type  : Slow 1100mV 0C Model Setup 'dflipflop:D6|Qn'
Slack : -1.835
TNS   : -1.835

Type  : Slow 1100mV 0C Model Setup 'dflipflop:D17|Qn'
Slack : -1.833
TNS   : -1.833

Type  : Slow 1100mV 0C Model Setup 'dflipflop:D19|Qn'
Slack : -1.827
TNS   : -1.827

Type  : Slow 1100mV 0C Model Setup 'dflipflop:D7|Qn'
Slack : -1.823
TNS   : -1.823

Type  : Slow 1100mV 0C Model Setup 'dflipflop:D3|Qn'
Slack : -1.815
TNS   : -1.815

Type  : Slow 1100mV 0C Model Setup 'dflipflop:D9|Qn'
Slack : -1.803
TNS   : -1.803

Type  : Slow 1100mV 0C Model Setup 'dflipflop:D10|Qn'
Slack : -1.779
TNS   : -1.779

Type  : Slow 1100mV 0C Model Setup 'dflipflop:D1|Qn'
Slack : -1.763
TNS   : -1.763

Type  : Slow 1100mV 0C Model Setup 'dflipflop:D11|Qn'
Slack : -1.702
TNS   : -1.702

Type  : Slow 1100mV 0C Model Setup 'dflipflop:D20|Qn'
Slack : -1.542
TNS   : -2.564

Type  : Slow 1100mV 0C Model Hold 'Clock1'
Slack : 0.247
TNS   : 0.000

Type  : Slow 1100mV 0C Model Hold 'dflipflop:D17|Qn'
Slack : 0.257
TNS   : 0.000

Type  : Slow 1100mV 0C Model Hold 'dflipflop:D1|Qn'
Slack : 0.404
TNS   : 0.000

Type  : Slow 1100mV 0C Model Hold 'dflipflop:D11|Qn'
Slack : 0.405
TNS   : 0.000

Type  : Slow 1100mV 0C Model Hold 'dflipflop:D9|Qn'
Slack : 0.437
TNS   : 0.000

Type  : Slow 1100mV 0C Model Hold 'dflipflop:D10|Qn'
Slack : 0.452
TNS   : 0.000

Type  : Slow 1100mV 0C Model Hold 'dflipflop:D19|Qn'
Slack : 0.494
TNS   : 0.000

Type  : Slow 1100mV 0C Model Hold 'dflipflop:D7|Qn'
Slack : 0.509
TNS   : 0.000

Type  : Slow 1100mV 0C Model Hold 'dflipflop:D6|Qn'
Slack : 0.518
TNS   : 0.000

Type  : Slow 1100mV 0C Model Hold 'dflipflop:D20|Qn'
Slack : 0.519
TNS   : 0.000

Type  : Slow 1100mV 0C Model Hold 'dflipflop:D4|Qn'
Slack : 0.559
TNS   : 0.000

Type  : Slow 1100mV 0C Model Hold 'dflipflop:D0|Qn'
Slack : 0.563
TNS   : 0.000

Type  : Slow 1100mV 0C Model Hold 'dflipflop:D13|Qn'
Slack : 0.563
TNS   : 0.000

Type  : Slow 1100mV 0C Model Hold 'dflipflop:D15|Qn'
Slack : 0.572
TNS   : 0.000

Type  : Slow 1100mV 0C Model Hold 'dflipflop:D14|Qn'
Slack : 0.579
TNS   : 0.000

Type  : Slow 1100mV 0C Model Hold 'dflipflop:D2|Qn'
Slack : 0.600
TNS   : 0.000

Type  : Slow 1100mV 0C Model Hold 'dflipflop:D12|Qn'
Slack : 0.605
TNS   : 0.000

Type  : Slow 1100mV 0C Model Hold 'dflipflop:D3|Qn'
Slack : 0.638
TNS   : 0.000

Type  : Slow 1100mV 0C Model Hold 'dflipflop:D8|Qn'
Slack : 0.644
TNS   : 0.000

Type  : Slow 1100mV 0C Model Hold 'dflipflop:D16|Qn'
Slack : 0.652
TNS   : 0.000

Type  : Slow 1100mV 0C Model Hold 'dflipflop:D18|Qn'
Slack : 0.668
TNS   : 0.000

Type  : Slow 1100mV 0C Model Hold 'dflipflop:D5|Qn'
Slack : 0.780
TNS   : 0.000

Type  : Slow 1100mV 0C Model Hold 'dflipflop:D21|Q'
Slack : 0.798
TNS   : 0.000

Type  : Slow 1100mV 0C Model Minimum Pulse Width 'dflipflop:D21|Q'
Slack : -0.538
TNS   : -7.750

Type  : Slow 1100mV 0C Model Minimum Pulse Width 'dflipflop:D20|Qn'
Slack : -0.538
TNS   : -1.554

Type  : Slow 1100mV 0C Model Minimum Pulse Width 'Clock1'
Slack : -0.538
TNS   : -0.969

Type  : Slow 1100mV 0C Model Minimum Pulse Width 'dflipflop:D17|Qn'
Slack : -0.538
TNS   : -0.833

Type  : Slow 1100mV 0C Model Minimum Pulse Width 'dflipflop:D18|Qn'
Slack : -0.538
TNS   : -0.828

Type  : Slow 1100mV 0C Model Minimum Pulse Width 'dflipflop:D12|Qn'
Slack : -0.538
TNS   : -0.821

Type  : Slow 1100mV 0C Model Minimum Pulse Width 'dflipflop:D4|Qn'
Slack : -0.538
TNS   : -0.812

Type  : Slow 1100mV 0C Model Minimum Pulse Width 'dflipflop:D16|Qn'
Slack : -0.538
TNS   : -0.811

Type  : Slow 1100mV 0C Model Minimum Pulse Width 'dflipflop:D6|Qn'
Slack : -0.538
TNS   : -0.797

Type  : Slow 1100mV 0C Model Minimum Pulse Width 'dflipflop:D13|Qn'
Slack : -0.538
TNS   : -0.791

Type  : Slow 1100mV 0C Model Minimum Pulse Width 'dflipflop:D1|Qn'
Slack : -0.538
TNS   : -0.781

Type  : Slow 1100mV 0C Model Minimum Pulse Width 'dflipflop:D0|Qn'
Slack : -0.538
TNS   : -0.780

Type  : Slow 1100mV 0C Model Minimum Pulse Width 'dflipflop:D19|Qn'
Slack : -0.538
TNS   : -0.780

Type  : Slow 1100mV 0C Model Minimum Pulse Width 'dflipflop:D8|Qn'
Slack : -0.538
TNS   : -0.780

Type  : Slow 1100mV 0C Model Minimum Pulse Width 'dflipflop:D10|Qn'
Slack : -0.538
TNS   : -0.779

Type  : Slow 1100mV 0C Model Minimum Pulse Width 'dflipflop:D14|Qn'
Slack : -0.538
TNS   : -0.779

Type  : Slow 1100mV 0C Model Minimum Pulse Width 'dflipflop:D2|Qn'
Slack : -0.538
TNS   : -0.779

Type  : Slow 1100mV 0C Model Minimum Pulse Width 'dflipflop:D15|Qn'
Slack : -0.538
TNS   : -0.776

Type  : Slow 1100mV 0C Model Minimum Pulse Width 'dflipflop:D7|Qn'
Slack : -0.538
TNS   : -0.776

Type  : Slow 1100mV 0C Model Minimum Pulse Width 'dflipflop:D11|Qn'
Slack : -0.538
TNS   : -0.774

Type  : Slow 1100mV 0C Model Minimum Pulse Width 'dflipflop:D9|Qn'
Slack : -0.538
TNS   : -0.773

Type  : Slow 1100mV 0C Model Minimum Pulse Width 'dflipflop:D3|Qn'
Slack : -0.538
TNS   : -0.772

Type  : Slow 1100mV 0C Model Minimum Pulse Width 'dflipflop:D5|Qn'
Slack : -0.538
TNS   : -0.771

Type  : Fast 1100mV 85C Model Setup 'Clock1'
Slack : -1.549
TNS   : -1.549

Type  : Fast 1100mV 85C Model Setup 'dflipflop:D5|Qn'
Slack : -1.082
TNS   : -1.082

Type  : Fast 1100mV 85C Model Setup 'dflipflop:D7|Qn'
Slack : -1.075
TNS   : -1.075

Type  : Fast 1100mV 85C Model Setup 'dflipflop:D3|Qn'
Slack : -1.047
TNS   : -1.047

Type  : Fast 1100mV 85C Model Setup 'dflipflop:D19|Qn'
Slack : -1.041
TNS   : -1.041

Type  : Fast 1100mV 85C Model Setup 'dflipflop:D15|Qn'
Slack : -1.023
TNS   : -1.023

Type  : Fast 1100mV 85C Model Setup 'dflipflop:D2|Qn'
Slack : -1.020
TNS   : -1.020

Type  : Fast 1100mV 85C Model Setup 'dflipflop:D11|Qn'
Slack : -1.019
TNS   : -1.019

Type  : Fast 1100mV 85C Model Setup 'dflipflop:D9|Qn'
Slack : -0.984
TNS   : -0.984

Type  : Fast 1100mV 85C Model Setup 'dflipflop:D1|Qn'
Slack : -0.982
TNS   : -0.982

Type  : Fast 1100mV 85C Model Setup 'dflipflop:D0|Qn'
Slack : -0.978
TNS   : -0.978

Type  : Fast 1100mV 85C Model Setup 'dflipflop:D17|Qn'
Slack : -0.950
TNS   : -0.950

Type  : Fast 1100mV 85C Model Setup 'dflipflop:D12|Qn'
Slack : -0.949
TNS   : -0.949

Type  : Fast 1100mV 85C Model Setup 'dflipflop:D14|Qn'
Slack : -0.942
TNS   : -0.942

Type  : Fast 1100mV 85C Model Setup 'dflipflop:D13|Qn'
Slack : -0.938
TNS   : -0.938

Type  : Fast 1100mV 85C Model Setup 'dflipflop:D4|Qn'
Slack : -0.928
TNS   : -0.928

Type  : Fast 1100mV 85C Model Setup 'dflipflop:D6|Qn'
Slack : -0.913
TNS   : -0.913

Type  : Fast 1100mV 85C Model Setup 'dflipflop:D10|Qn'
Slack : -0.909
TNS   : -0.909

Type  : Fast 1100mV 85C Model Setup 'dflipflop:D18|Qn'
Slack : -0.856
TNS   : -0.856

Type  : Fast 1100mV 85C Model Setup 'dflipflop:D8|Qn'
Slack : -0.854
TNS   : -0.854

Type  : Fast 1100mV 85C Model Setup 'dflipflop:D16|Qn'
Slack : -0.809
TNS   : -0.809

Type  : Fast 1100mV 85C Model Setup 'dflipflop:D21|Q'
Slack : -0.735
TNS   : -5.299

Type  : Fast 1100mV 85C Model Setup 'dflipflop:D20|Qn'
Slack : -0.609
TNS   : -0.757

Type  : Fast 1100mV 85C Model Hold 'dflipflop:D17|Qn'
Slack : -0.012
TNS   : -0.012

Type  : Fast 1100mV 85C Model Hold 'dflipflop:D16|Qn'
Slack : 0.046
TNS   : 0.000

Type  : Fast 1100mV 85C Model Hold 'dflipflop:D18|Qn'
Slack : 0.051
TNS   : 0.000

Type  : Fast 1100mV 85C Model Hold 'dflipflop:D10|Qn'
Slack : 0.093
TNS   : 0.000

Type  : Fast 1100mV 85C Model Hold 'dflipflop:D6|Qn'
Slack : 0.097
TNS   : 0.000

Type  : Fast 1100mV 85C Model Hold 'dflipflop:D8|Qn'
Slack : 0.108
TNS   : 0.000

Type  : Fast 1100mV 85C Model Hold 'dflipflop:D13|Qn'
Slack : 0.129
TNS   : 0.000

Type  : Fast 1100mV 85C Model Hold 'dflipflop:D1|Qn'
Slack : 0.130
TNS   : 0.000

Type  : Fast 1100mV 85C Model Hold 'dflipflop:D4|Qn'
Slack : 0.136
TNS   : 0.000

Type  : Fast 1100mV 85C Model Hold 'dflipflop:D12|Qn'
Slack : 0.150
TNS   : 0.000

Type  : Fast 1100mV 85C Model Hold 'dflipflop:D0|Qn'
Slack : 0.166
TNS   : 0.000

Type  : Fast 1100mV 85C Model Hold 'dflipflop:D15|Qn'
Slack : 0.172
TNS   : 0.000

Type  : Fast 1100mV 85C Model Hold 'dflipflop:D14|Qn'
Slack : 0.187
TNS   : 0.000

Type  : Fast 1100mV 85C Model Hold 'dflipflop:D2|Qn'
Slack : 0.198
TNS   : 0.000

Type  : Fast 1100mV 85C Model Hold 'dflipflop:D19|Qn'
Slack : 0.204
TNS   : 0.000

Type  : Fast 1100mV 85C Model Hold 'dflipflop:D11|Qn'
Slack : 0.208
TNS   : 0.000

Type  : Fast 1100mV 85C Model Hold 'dflipflop:D9|Qn'
Slack : 0.212
TNS   : 0.000

Type  : Fast 1100mV 85C Model Hold 'dflipflop:D7|Qn'
Slack : 0.248
TNS   : 0.000

Type  : Fast 1100mV 85C Model Hold 'dflipflop:D20|Qn'
Slack : 0.261
TNS   : 0.000

Type  : Fast 1100mV 85C Model Hold 'dflipflop:D3|Qn'
Slack : 0.323
TNS   : 0.000

Type  : Fast 1100mV 85C Model Hold 'dflipflop:D21|Q'
Slack : 0.331
TNS   : 0.000

Type  : Fast 1100mV 85C Model Hold 'dflipflop:D5|Qn'
Slack : 0.401
TNS   : 0.000

Type  : Fast 1100mV 85C Model Hold 'Clock1'
Slack : 0.475
TNS   : 0.000

Type  : Fast 1100mV 85C Model Minimum Pulse Width 'Clock1'
Slack : -0.416
TNS   : -0.484

Type  : Fast 1100mV 85C Model Minimum Pulse Width 'dflipflop:D17|Qn'
Slack : 0.012
TNS   : 0.000

Type  : Fast 1100mV 85C Model Minimum Pulse Width 'dflipflop:D14|Qn'
Slack : 0.091
TNS   : 0.000

Type  : Fast 1100mV 85C Model Minimum Pulse Width 'dflipflop:D0|Qn'
Slack : 0.093
TNS   : 0.000

Type  : Fast 1100mV 85C Model Minimum Pulse Width 'dflipflop:D2|Qn'
Slack : 0.094
TNS   : 0.000

Type  : Fast 1100mV 85C Model Minimum Pulse Width 'dflipflop:D1|Qn'
Slack : 0.095
TNS   : 0.000

Type  : Fast 1100mV 85C Model Minimum Pulse Width 'dflipflop:D8|Qn'
Slack : 0.095
TNS   : 0.000

Type  : Fast 1100mV 85C Model Minimum Pulse Width 'dflipflop:D10|Qn'
Slack : 0.103
TNS   : 0.000

Type  : Fast 1100mV 85C Model Minimum Pulse Width 'dflipflop:D15|Qn'
Slack : 0.110
TNS   : 0.000

Type  : Fast 1100mV 85C Model Minimum Pulse Width 'dflipflop:D11|Qn'
Slack : 0.112
TNS   : 0.000

Type  : Fast 1100mV 85C Model Minimum Pulse Width 'dflipflop:D12|Qn'
Slack : 0.117
TNS   : 0.000

Type  : Fast 1100mV 85C Model Minimum Pulse Width 'dflipflop:D4|Qn'
Slack : 0.118
TNS   : 0.000

Type  : Fast 1100mV 85C Model Minimum Pulse Width 'dflipflop:D18|Qn'
Slack : 0.120
TNS   : 0.000

Type  : Fast 1100mV 85C Model Minimum Pulse Width 'dflipflop:D16|Qn'
Slack : 0.122
TNS   : 0.000

Type  : Fast 1100mV 85C Model Minimum Pulse Width 'dflipflop:D9|Qn'
Slack : 0.122
TNS   : 0.000

Type  : Fast 1100mV 85C Model Minimum Pulse Width 'dflipflop:D21|Q'
Slack : 0.125
TNS   : 0.000

Type  : Fast 1100mV 85C Model Minimum Pulse Width 'dflipflop:D6|Qn'
Slack : 0.126
TNS   : 0.000

Type  : Fast 1100mV 85C Model Minimum Pulse Width 'dflipflop:D20|Qn'
Slack : 0.133
TNS   : 0.000

Type  : Fast 1100mV 85C Model Minimum Pulse Width 'dflipflop:D13|Qn'
Slack : 0.136
TNS   : 0.000

Type  : Fast 1100mV 85C Model Minimum Pulse Width 'dflipflop:D3|Qn'
Slack : 0.140
TNS   : 0.000

Type  : Fast 1100mV 85C Model Minimum Pulse Width 'dflipflop:D5|Qn'
Slack : 0.142
TNS   : 0.000

Type  : Fast 1100mV 85C Model Minimum Pulse Width 'dflipflop:D19|Qn'
Slack : 0.150
TNS   : 0.000

Type  : Fast 1100mV 85C Model Minimum Pulse Width 'dflipflop:D7|Qn'
Slack : 0.151
TNS   : 0.000

Type  : Fast 1100mV 0C Model Setup 'Clock1'
Slack : -1.238
TNS   : -1.238

Type  : Fast 1100mV 0C Model Setup 'dflipflop:D5|Qn'
Slack : -0.977
TNS   : -0.977

Type  : Fast 1100mV 0C Model Setup 'dflipflop:D7|Qn'
Slack : -0.940
TNS   : -0.940

Type  : Fast 1100mV 0C Model Setup 'dflipflop:D3|Qn'
Slack : -0.925
TNS   : -0.925

Type  : Fast 1100mV 0C Model Setup 'dflipflop:D2|Qn'
Slack : -0.921
TNS   : -0.921

Type  : Fast 1100mV 0C Model Setup 'dflipflop:D15|Qn'
Slack : -0.917
TNS   : -0.917

Type  : Fast 1100mV 0C Model Setup 'dflipflop:D19|Qn'
Slack : -0.914
TNS   : -0.914

Type  : Fast 1100mV 0C Model Setup 'dflipflop:D0|Qn'
Slack : -0.888
TNS   : -0.888

Type  : Fast 1100mV 0C Model Setup 'dflipflop:D11|Qn'
Slack : -0.886
TNS   : -0.886

Type  : Fast 1100mV 0C Model Setup 'dflipflop:D9|Qn'
Slack : -0.875
TNS   : -0.875

Type  : Fast 1100mV 0C Model Setup 'dflipflop:D14|Qn'
Slack : -0.863
TNS   : -0.863

Type  : Fast 1100mV 0C Model Setup 'dflipflop:D12|Qn'
Slack : -0.859
TNS   : -0.859

Type  : Fast 1100mV 0C Model Setup 'dflipflop:D1|Qn'
Slack : -0.853
TNS   : -0.853

Type  : Fast 1100mV 0C Model Setup 'dflipflop:D13|Qn'
Slack : -0.846
TNS   : -0.846

Type  : Fast 1100mV 0C Model Setup 'dflipflop:D4|Qn'
Slack : -0.838
TNS   : -0.838

Type  : Fast 1100mV 0C Model Setup 'dflipflop:D17|Qn'
Slack : -0.832
TNS   : -0.832

Type  : Fast 1100mV 0C Model Setup 'dflipflop:D10|Qn'
Slack : -0.823
TNS   : -0.823

Type  : Fast 1100mV 0C Model Setup 'dflipflop:D6|Qn'
Slack : -0.821
TNS   : -0.821

Type  : Fast 1100mV 0C Model Setup 'dflipflop:D18|Qn'
Slack : -0.793
TNS   : -0.793

Type  : Fast 1100mV 0C Model Setup 'dflipflop:D8|Qn'
Slack : -0.790
TNS   : -0.790

Type  : Fast 1100mV 0C Model Setup 'dflipflop:D16|Qn'
Slack : -0.754
TNS   : -0.754

Type  : Fast 1100mV 0C Model Setup 'dflipflop:D21|Q'
Slack : -0.645
TNS   : -4.429

Type  : Fast 1100mV 0C Model Setup 'dflipflop:D20|Qn'
Slack : -0.486
TNS   : -0.578

Type  : Fast 1100mV 0C Model Hold 'dflipflop:D17|Qn'
Slack : -0.043
TNS   : -0.043

Type  : Fast 1100mV 0C Model Hold 'dflipflop:D16|Qn'
Slack : 0.028
TNS   : 0.000

Type  : Fast 1100mV 0C Model Hold 'dflipflop:D18|Qn'
Slack : 0.033
TNS   : 0.000

Type  : Fast 1100mV 0C Model Hold 'dflipflop:D6|Qn'
Slack : 0.048
TNS   : 0.000

Type  : Fast 1100mV 0C Model Hold 'dflipflop:D10|Qn'
Slack : 0.050
TNS   : 0.000

Type  : Fast 1100mV 0C Model Hold 'dflipflop:D1|Qn'
Slack : 0.067
TNS   : 0.000

Type  : Fast 1100mV 0C Model Hold 'dflipflop:D13|Qn'
Slack : 0.074
TNS   : 0.000

Type  : Fast 1100mV 0C Model Hold 'dflipflop:D4|Qn'
Slack : 0.081
TNS   : 0.000

Type  : Fast 1100mV 0C Model Hold 'dflipflop:D8|Qn'
Slack : 0.084
TNS   : 0.000

Type  : Fast 1100mV 0C Model Hold 'dflipflop:D12|Qn'
Slack : 0.101
TNS   : 0.000

Type  : Fast 1100mV 0C Model Hold 'dflipflop:D15|Qn'
Slack : 0.119
TNS   : 0.000

Type  : Fast 1100mV 0C Model Hold 'dflipflop:D0|Qn'
Slack : 0.120
TNS   : 0.000

Type  : Fast 1100mV 0C Model Hold 'dflipflop:D11|Qn'
Slack : 0.135
TNS   : 0.000

Type  : Fast 1100mV 0C Model Hold 'dflipflop:D14|Qn'
Slack : 0.140
TNS   : 0.000

Type  : Fast 1100mV 0C Model Hold 'dflipflop:D19|Qn'
Slack : 0.142
TNS   : 0.000

Type  : Fast 1100mV 0C Model Hold 'dflipflop:D2|Qn'
Slack : 0.142
TNS   : 0.000

Type  : Fast 1100mV 0C Model Hold 'dflipflop:D9|Qn'
Slack : 0.152
TNS   : 0.000

Type  : Fast 1100mV 0C Model Hold 'dflipflop:D7|Qn'
Slack : 0.176
TNS   : 0.000

Type  : Fast 1100mV 0C Model Hold 'dflipflop:D3|Qn'
Slack : 0.235
TNS   : 0.000

Type  : Fast 1100mV 0C Model Hold 'dflipflop:D20|Qn'
Slack : 0.244
TNS   : 0.000

Type  : Fast 1100mV 0C Model Hold 'Clock1'
Slack : 0.260
TNS   : 0.000

Type  : Fast 1100mV 0C Model Hold 'dflipflop:D21|Q'
Slack : 0.291
TNS   : 0.000

Type  : Fast 1100mV 0C Model Hold 'dflipflop:D5|Qn'
Slack : 0.324
TNS   : 0.000

Type  : Fast 1100mV 0C Model Minimum Pulse Width 'Clock1'
Slack : -0.429
TNS   : -0.518

Type  : Fast 1100mV 0C Model Minimum Pulse Width 'dflipflop:D17|Qn'
Slack : 0.026
TNS   : 0.000

Type  : Fast 1100mV 0C Model Minimum Pulse Width 'dflipflop:D1|Qn'
Slack : 0.089
TNS   : 0.000

Type  : Fast 1100mV 0C Model Minimum Pulse Width 'dflipflop:D9|Qn'
Slack : 0.108
TNS   : 0.000

Type  : Fast 1100mV 0C Model Minimum Pulse Width 'dflipflop:D14|Qn'
Slack : 0.111
TNS   : 0.000

Type  : Fast 1100mV 0C Model Minimum Pulse Width 'dflipflop:D0|Qn'
Slack : 0.114
TNS   : 0.000

Type  : Fast 1100mV 0C Model Minimum Pulse Width 'dflipflop:D2|Qn'
Slack : 0.115
TNS   : 0.000

Type  : Fast 1100mV 0C Model Minimum Pulse Width 'dflipflop:D8|Qn'
Slack : 0.116
TNS   : 0.000

Type  : Fast 1100mV 0C Model Minimum Pulse Width 'dflipflop:D10|Qn'
Slack : 0.120
TNS   : 0.000

Type  : Fast 1100mV 0C Model Minimum Pulse Width 'dflipflop:D21|Q'
Slack : 0.123
TNS   : 0.000

Type  : Fast 1100mV 0C Model Minimum Pulse Width 'dflipflop:D20|Qn'
Slack : 0.124
TNS   : 0.000

Type  : Fast 1100mV 0C Model Minimum Pulse Width 'dflipflop:D15|Qn'
Slack : 0.129
TNS   : 0.000

Type  : Fast 1100mV 0C Model Minimum Pulse Width 'dflipflop:D11|Qn'
Slack : 0.132
TNS   : 0.000

Type  : Fast 1100mV 0C Model Minimum Pulse Width 'dflipflop:D4|Qn'
Slack : 0.139
TNS   : 0.000

Type  : Fast 1100mV 0C Model Minimum Pulse Width 'dflipflop:D12|Qn'
Slack : 0.142
TNS   : 0.000

Type  : Fast 1100mV 0C Model Minimum Pulse Width 'dflipflop:D16|Qn'
Slack : 0.143
TNS   : 0.000

Type  : Fast 1100mV 0C Model Minimum Pulse Width 'dflipflop:D6|Qn'
Slack : 0.144
TNS   : 0.000

Type  : Fast 1100mV 0C Model Minimum Pulse Width 'dflipflop:D18|Qn'
Slack : 0.145
TNS   : 0.000

Type  : Fast 1100mV 0C Model Minimum Pulse Width 'dflipflop:D3|Qn'
Slack : 0.155
TNS   : 0.000

Type  : Fast 1100mV 0C Model Minimum Pulse Width 'dflipflop:D5|Qn'
Slack : 0.157
TNS   : 0.000

Type  : Fast 1100mV 0C Model Minimum Pulse Width 'dflipflop:D7|Qn'
Slack : 0.158
TNS   : 0.000

Type  : Fast 1100mV 0C Model Minimum Pulse Width 'dflipflop:D13|Qn'
Slack : 0.159
TNS   : 0.000

Type  : Fast 1100mV 0C Model Minimum Pulse Width 'dflipflop:D19|Qn'
Slack : 0.162
TNS   : 0.000

------------------------------------------------------------
